// Jest Snapshot v1, https://goo.gl/fbAQLP

exports[`BarChart renders when is receives props 1`] = `
<div
  className="bar-chart"
  data-testid="bar-chart"
>
  <canvas
    data-testid="canvas"
    height={150}
    onClick={[Function]}
    role="img"
    width={300}
  />
</div>
`;
