// Jest Snapshot v1, https://goo.gl/fbAQLP

exports[`PieChart renders when is receives props 1`] = `
<div
  className="pie-chart"
  data-testid="pie-chart"
>
  <canvas
    data-testid="canvas"
    height={150}
    onClick={[Function]}
    role="img"
    width={300}
  />
</div>
`;
